[48;2;31;40;55m [0m[38;2;249;250;251;48;2;31;40;55m[1;38;2;126;0;175m jj-tui  [0m      [48;2;126;0;175m  [0m[38;2;249;250;251;48;2;126;0;175mGraph (g)[0m[48;2;126;0;175m  [0m  [38;2;156;163;175mPRs (p)[0m    [38;2;156;163;175mTickets (t)[0m    [38;2;156;163;175mBranches (b)[0m    [38;2;156;163;175mSettings (,)[0m    [38;2;156;163;175mHelp (h)[0m  [0m                               
                                                                                                                                  
[1m► Graph (Tab to switch):[0m                                                                                                          
[1;38;2;139;233;253m🔍 FILTER: Ada[0m[1;38;2;139;233;253m  (Esc to clear)[0m                                                                                                    
                                                                                                                                  
[38;2;248;248;242;48;2;68;71;89m► [38;2;80;250;123m@  [0m[1;38;2;126;0;175maaaa[0m Add golden test safety net [38;2;80;250;123m[feature/goldens][0m[0m                                                                            
[38;2;248;248;242m  [38;2;97;113;163m○  [0m[1;38;2;126;0;175mbbbb[0m Refactor tab dispatch[0m                                                                                                   
                                                                                                                                  
                                                                                                                                  
                                                                                                                                  
                                                                                                                                  
                                                                                                                                  
                                                                                                                                  
                                                                                                                                  
                                                                                                                                  
                                                                                                                                  
                                                                                                                                  
                                                                                                                                  
[38;2;68;68;68m──────────────────────────────────────────────────────────────────────────────────────────────────[0m                                
Actions:                                                                                                                          
[48;2;68;71;89m [0m[38;2;248;248;242;48;2;68;71;89mNew (n)[0m[48;2;68;71;89m [0m [48;2;68;71;89m [0m[38;2;248;248;242;48;2;68;71;89mEdit (e)[0m[48;2;68;71;89m [0m [48;2;68;71;89m [0m[38;2;248;248;242;48;2;68;71;89mDescribe (d)[0m[48;2;68;71;89m [0m [48;2;68;71;89m [0m[38;2;248;248;242;48;2;68;71;89mRebase (r)[0m[48;2;68;71;89m [0m [48;2;68;71;89m [0m[38;2;248;248;242;48;2;68;71;89mMerge from (M)[0m[48;2;68;71;89m [0m [48;2;68;71;89m [0m[38;2;248;248;242;48;2;68;71;89mAbandon (a)[0m[48;2;68;71;89m [0m [48;2;68;71;89m [0m[38;2;248;248;242;48;2;68;71;89mBookmark (m)[0m[48;2;68;71;89m [0m [48;2;68;71;89m [0m[38;2;248;248;242;48;2;68;71;89mDel Bookmark (x)[0m[48;2;68;71;89m [0m [48;2;68;71;89m [0m[38;2;248;248;242;48;2;68;71;89mUpdate PR (u)[0m[48;2;68;71;89m [0m 
[38;2;68;68;68m──────────────────────────────────────────────────────────────────────────────────────────────────[0m                                
[38;2;102;102;102m  Loading changed files...[0m                                                                                                        
                                                                                                                                  
                                                                                                                                  
                                                                                                                                  
                                                                                                                                  
                                                                                                                                  
                                                                                                                                  
                                                                                                                                  
                                                                                                                                  
                                                                                                                                  
                                                                                                                                  
                                                                                                                                  
                                                                                                                                  
                                                                                                                                  
                                                                                                                                  
                                                                                                                                  
                                                                                                                                  
[48;2;31;40;55m [0m[38;2;97;113;163;48;2;31;40;55mReady                                                                         ^r refresh │ ^q quit[0m[48;2;31;40;55m [0m                              