[48;2;31;40;55m [0m[38;2;249;250;251;48;2;31;40;55m[1;38;2;126;0;175m jj-tui  [0m        [38;2;156;163;175mGraph (g)[0m    [38;2;156;163;175mPRs (p)[0m    [38;2;156;163;175mTickets (t)[0m  [48;2;126;0;175m  [0m[38;2;249;250;251;48;2;126;0;175mBranches (b)[0m[48;2;126;0;175m  [0m  [38;2;156;163;175mSettings (,)[0m    [38;2;156;163;175mHelp (h)[0m  [0m 
                                                                                                    
[38;2;126;0;175m╭───────────────────────╮[0m                                                                           
[38;2;126;0;175m│[0m [1;38;2;126;0;175mhotfix/urgent[0m [38;2;80;250;123m[local][0m [38;2;126;0;175m│[0m                                                                           
[38;2;126;0;175m│[0m Location: local       [38;2;126;0;175m│[0m                                                                           
[38;2;126;0;175m│[0m Commit: cccc          [38;2;126;0;175m│[0m                                                                           
[38;2;126;0;175m╰───────────────────────╯[0m                                                                           
[38;2;68;68;68m────────────────────────────────────────────────────────────────────────────────────────────────[0m    
Actions:                                                                                            
[48;2;68;71;89m [0m[38;2;248;248;242;48;2;68;71;89mPush (P)[0m[48;2;68;71;89m [0m  [48;2;68;71;89m [0m[38;2;248;248;242;48;2;68;71;89mDelete (x)[0m[48;2;68;71;89m [0m  [48;2;255;85;85m [0m[38;2;248;248;242;48;2;255;85;85mResolve Conflict (c)[0m[48;2;255;85;85m [0m  [48;2;68;71;89m [0m[38;2;248;248;242;48;2;68;71;89mTrack by name (t)[0m[48;2;68;71;89m [0m  [48;2;68;71;89m [0m[38;2;248;248;242;48;2;68;71;89mFetch All (F)[0m[48;2;68;71;89m [0m              
[38;2;68;68;68m────────────────────────────────────────────────────────────────────────────────────────────────[0m    
[m]8;;[38;2;139;233;253mtrunk ─────────────────────────────● (tip)[m                                                          [m]8;;
[m]8;;    [38;2;139;233;253m├[38;5;63m╭──────────────────────────────────────────╮[m                                                   [m]8;;
[38;2;139;233;253m    │[0m[m]8;;[38;5;63m├[0m[38;5;252;48;5;61m Bookmark conflict: hotfix/urgent [-] [x] [0m[38;5;63m┴[0m[38;5;63m────────────────────────────────────────────╮[0m[m]8;;      
    [38;2;139;233;253m├[0m[m]8;;[38;5;63m│[0m[38;2;97;113;163m╭─────────────────────────────────────────────────────────────────────────────────────╮[0m[38;5;63m│[0m[m]8;;      
[38;2;139;233;253m    │[0m[m]8;;[38;5;63m│[0m[38;2;97;113;163m│[0m [38;2;97;113;163mEnter applies highlighted side · click a side to apply · Esc cancel · h / ← / l / →[0m [38;2;97;113;163m│[0m[38;5;63m│[0m[m]8;;      
    [38;2;139;233;253m├[0m[m]8;;[38;5;63m│[0m[38;2;97;113;163m│[0m                                                                                     [38;2;97;113;163m│[0m[38;5;63m│[0m[m]8;;      
[38;2;139;233;253m    │[0m[m]8;;[38;5;63m│[0m[38;2;97;113;163m│[0m [38;2;126;0;175m╭──────────────────────────────────────╮[0m  [38;2;97;113;163m╭──────────────────────────────────────╮[0m  [38;2;97;113;163m│[0m[38;5;63m│[0m[m]8;;      
[38;2;139;233;253m    │[m]8;;[38;5;63m│[0m[38;2;97;113;163m│[0m [38;2;126;0;175m│[0m [1;38;2;126;0;175m► Keep local[0m                         [38;2;126;0;175m│[0m  [38;2;97;113;163m│[0m [38;2;97;113;163mMatch origin[0m                         [38;2;97;113;163m│[0m  [38;2;97;113;163m│[0m[38;5;63m│[0m[m]8;;      
    [38;2;139;233;253m└[0m[m]8;;[38;5;63m│[0m[38;2;97;113;163m│[0m [38;2;126;0;175m│[0m [38;2;126;0;175mcccc3333[0m                             [38;2;126;0;175m│[0m  [38;2;97;113;163m│[0m [38;2;126;0;175meeee5555[0m                             [38;2;97;113;163m│[0m  [38;2;97;113;163m│[0m[38;5;63m│[0m[m]8;;      
     [m]8;;[38;5;63m│[0m[38;2;97;113;163m│[0m [38;2;126;0;175m│[0m local hotfix tip                     [38;2;126;0;175m│[0m  [38;2;97;113;163m│[0m origin hotfix tip                    [38;2;97;113;163m│[0m  [38;2;97;113;163m│[0m[38;5;63m│[0m[m]8;;      
     [m]8;;[38;5;63m│[0m[38;2;97;113;163m│[0m [38;2;126;0;175m│[0m [38;2;97;113;163m2 hours ago[0m                          [38;2;126;0;175m│[0m  [38;2;97;113;163m│[0m [38;2;97;113;163m1 day ago[0m                            [38;2;97;113;163m│[0m  [38;2;97;113;163m│[0m[38;5;63m│[0m[m]8;;      
     [m]8;;[38;5;63m│[0m[38;2;97;113;163m│[0m [38;2;126;0;175m│[0m [38;2;97;113;163mYour tip wins when you push.[0m         [38;2;126;0;175m│[0m  [38;2;97;113;163m│[0m [38;2;97;113;163mBookmark follows origin; local-only[m  [38;2;97;113;163m│[0m  [38;2;97;113;163m│[0m[38;5;63m│[0m[m]8;;      
     [m]8;;[38;5;63m│[0m[38;2;97;113;163m│[0m [38;2;126;0;175m╰──────────────────────────────────────╯[0m  [38;2;97;113;163m│[0m [38;2;97;113;163mtip is dropped.[0m                      [38;2;97;113;163m│[0m  [38;2;97;113;163m│[0m[38;5;63m│[0m[m]8;;      
     [m]8;;[38;5;63m│[0m[38;2;97;113;163m│[0m                                           [38;2;97;113;163m╰──────────────────────────────────────╯[0m  [38;2;97;113;163m│[0m[38;5;63m│[0m[m]8;;      
     [m]8;;[38;5;63m│[0m[38;2;97;113;163m│[0m                                                                                     [38;2;97;113;163m│[0m[38;5;63m│[0m[m]8;;      
     [m]8;;[38;5;63m│[0m[38;2;97;113;163m│[0m [38;2;97;113;163mCancel[0m                                                                              [38;2;97;113;163m│[0m[38;5;63m│[0m[m]8;;      
     [m]8;;[38;5;63m│[0m[38;2;97;113;163m╰─────────────────────────────────────────────────────────────────────────────────────╯[0m[38;5;63m│[0m[m]8;;      
     [m]8;;[38;5;63m╰───────────────────────────────────────────────────────────────────────────────────────╯[0m[m]8;;      
                                                                                                    
                                                                                                    
                                                                                                    
                                                                                                    
                                                                                                    
                                                                                                    
                                                                                                    
                                                                                                    
                                                                                                    
                                                                                                    
[48;2;31;40;55m [0m[38;2;97;113;163;48;2;31;40;55mReady                                                                         ^r refresh │ ^q quit[0m[48;2;31;40;55m [0m