[48;2;31;40;55m [0m[38;2;249;250;251;48;2;31;40;55m[1;38;2;126;0;175m jj-tui  [0m      [48;2;126;0;175m  [0m[38;2;249;250;251;48;2;126;0;175mGraph (g)[0m[48;2;126;0;175m  [0m  [38;2;156;163;175mPRs (p)[0m    [38;2;156;163;175mTickets (t)[0m    [38;2;156;163;175mBranches (b)[0m    [38;2;156;163;175mSettings (,)[0m    [38;2;156;163;175mHelp (h)[0m  [0m 
[m]8;;                                                                                                    [m]8;;
[m]8;;[1m► Graph (Ta[38;5;63;22m╭─────────────────────────────╮[m                                                          [m]8;;
[38;2;248;248;242;48;2;68;71;89m► [38;2;80;250;123m@  [0m[1;38;2;126;0;175maaaa[0m A[m]8;;[38;5;63m├[0m[38;5;252;48;5;61m Create pull request [-] [x] [0m[38;5;63m┴[0m[38;5;63m─────────────────────────────────────────────╮[0m[m]8;;            
[38;2;248;248;242m  [38;2;97;113;163m○  [0m[1;38;2;126;0;175mbbbb[0m R[m]8;;[38;5;63m│[0m[38;2;97;113;163mBranch: main → feature/goldens[0m                                  [48;2;126;0;175m [0m[38;2;255;255;255;48;2;126;0;175m✧ ^g[0m[48;2;126;0;175m [0m     [38;5;63m│[0m[m]8;;            
[38;2;248;248;242m  [38;2;97;113;163m○  [0m[1;38;2;126;0;175mcccc[0m R[m]8;;[38;5;63m│[0m                                                                           [38;5;63m│[0m[m]8;;            
[38;2;248;248;242m  [38;2;97;113;163m◆  [0m[1;38;2;126;0;175mdddd[0m I[m]8;;[38;5;63m│[0mTitle:                                                                     [38;5;63m│[0m[m]8;;            
           [m]8;;[38;5;63m│[0m> feature/goldens[7m [0m                                                         [38;5;63m│[0m[m]8;;            
           [m]8;;[38;5;63m│[0m                                                                           [38;5;63m│[0m[m]8;;            
           [m]8;;[38;5;63m│[0mBody:                                                                      [38;5;63m│[0m[m]8;;            
           [m]8;;[38;5;63m│[0m[37m[37m┃ [0m[0m[37m[38;5;240mD[0m[0m[37m[38;5;240mescribe your changes...[0m[0m                                                 [38;5;63m│[0m[m]8;;            
           [m]8;;[38;5;63m│[0m[38;5;240m[37m┃ [0m[0m[30m [0m                                                                        [38;5;63m│[0m[m]8;;            
           [m]8;;[38;5;63m│[0m[38;5;240m[37m┃ [0m[0m[30m [0m                                                                        [38;5;63m│[0m[m]8;;            
           [m]8;;[38;5;63m│[0m[38;5;240m[37m┃ [0m[0m[30m [0m                                                                        [38;5;63m│[0m[m]8;;            
           [m]8;;[38;5;63m│[0m[38;5;240m[37m┃ [0m[0m[30m [0m                                                                        [38;5;63m│[0m[m]8;;            
           [m]8;;[38;5;63m│[0m[38;5;240m[37m┃ [0m[0m[30m [0m                                                                        [38;5;63m│[0m[m]8;;            
           [m]8;;[38;5;63m│[0m[38;5;240m[37m┃ [0m[0m[30m [0m                                                                        [38;5;63m│[0m[m]8;;            
           [m]8;;[38;5;63m│[0m[38;5;240m[37m┃ [0m[0m[30m [0m                                                                        [38;5;63m│[0m[m]8;;            
[38;2;68;68;68m───────────[m]8;;[38;5;63m│[0m[38;5;240m[37m┃ [0m[0m[30m [0m                                                                        [38;5;63m│[0m[m]8;;[38;2;68;68;68m──────────[0m  
Actions:   [m]8;;[38;5;63m│[0m[38;5;240m[37m┃ [0m[0m[30m [0m                                                                        [38;5;63m│[0m[m]8;;            
[48;2;68;71;89m [0m[38;2;248;248;242;48;2;68;71;89mNew (n)[0m[48;2;68;71;89m [0m [48;2;68;71;89m [0m[38;2;248;248;242;48;2;68;71;89m[m]8;;[38;5;63m│[0m[38;5;240m[37m┃ [0m[0m[30m [0m                                                                        [38;5;63m│[0m[m]8;;[38;2;248;248;242;48;2;68;71;89mk (m)[0m[48;2;68;71;89m [0m [48;2;68;71;89m [0m[38;2;248;248;242;48;2;68;71;89mDel 
[38;2;68;68;68m───────────[m]8;;[38;5;63m│[0m[38;5;240m[37m┃ [0m[0m[30m [0m                                                                        [38;5;63m│[0m[m]8;;[38;2;68;68;68m──────────[0m  
[38;2;102;102;102m  Loading c[m]8;;[38;5;63m│[0m[38;5;240m[37m┃ [0m[0m[30m [0m                                                                        [38;5;63m│[0m[m]8;;            
           [m]8;;[38;5;63m│[0m[38;5;240m[37m┃ [0m[0m[30m [0m                                                                        [38;5;63m│[0m[m]8;;            
           [m]8;;[38;5;63m│[0m[38;5;240m[37m┃ [0m[0m[30m [0m                                                                        [38;5;63m│[0m[m]8;;            
           [m]8;;[38;5;63m│[0m[38;5;240m[37m┃ [0m[0m[30m [0m                                                                        [38;5;63m│[0m[m]8;;            
           [m]8;;[38;5;63m│[0m[38;5;240m[37m┃ [0m[0m[30m [0m                                                                        [38;5;63m│[0m[m]8;;            
           [m]8;;[38;5;63m│[0m[38;5;240m[37m┃ [0m[0m[30m [0m                                                                        [38;5;63m│[0m[m]8;;            
           [m]8;;[38;5;63m│[0m[38;5;240m[37m┃ [0m[0m[30m [0m                                                                        [38;5;63m│[0m[m]8;;            
           [m]8;;[38;5;63m│[0m[38;5;240m[37m┃ [0m[0m[30m [0m                                                                        [38;5;63m│[0m[m]8;;            
           [m]8;;[38;5;63m│[0m[38;5;240m[37m┃ [0m[0m[30m [0m                                                                        [38;5;63m│[0m[m]8;;            
           [m]8;;[38;5;63m│[0m[38;5;240m[37m┃ [0m[0m[30m [0m                                                                        [38;5;63m│[0m[m]8;;            
           [m]8;;[38;5;63m│[0m[38;5;240m[37m┃ [0m[0m[30m [0m                                                                        [38;5;63m│[0m[m]8;;            
           [m]8;;[38;5;63m│[0m                                                                           [38;5;63m│[0m[m]8;;            
           [m]8;;[38;5;63m│[0m[38;2;97;113;163m[ ][0m [38;2;97;113;163mOpen as draft (Ctrl+D)[0m                                                 [38;5;63m│[0m[m]8;;            
           [m]8;;[38;5;63m│[0m                                                                           [38;5;63m│[0m[m]8;;            
           [m]8;;[38;5;63m│[0m[48;2;48;54;60m [0m[1;38;2;255;255;255;48;2;48;54;60mCreate PR (Ctrl+S)[0m[48;2;48;54;60m [0m  [48;2;48;54;60m [0m[1;38;2;255;255;255;48;2;48;54;60mCancel (Esc)[0m[48;2;48;54;60m [0m                                       [38;5;63m│[0m[m]8;;            
           [m]8;;[38;5;63m╰───────────────────────────────────────────────────────────────────────────╯[0m[m]8;;            
                                                                                                    
[48;2;31;40;55m [0m[38;2;97;113;163;48;2;31;40;55mReady                                                                         ^r refresh │ ^q quit[0m[48;2;31;40;55m [0m