[48;2;31;40;55m [0m[38;2;249;250;251;48;2;31;40;55m[1;38;2;126;0;175m jj-tui  [0m      [48;2;126;0;175m  [0m[38;2;249;250;251;48;2;126;0;175mGraph (g)[0m[48;2;126;0;175m  [0m  [38;2;156;163;175mPRs (p)[0m    [38;2;156;163;175mTickets (t)[0m    [38;2;156;163;175mBranches (b)[0m    [38;2;156;163;175mSettings (,)[0m    [38;2;156;163;175mHelp (h)[0m  [0m 
                                                                                                    
[1m► Graph (Tab to switch):[0m                                                                            
[38;2;248;248;242m  [38;2;80;250;123m@  [0m[1;38;2;126;0;175maaaa[0m Add golden test safety net [38;2;80;250;123m[feature/goldens][0m[0m                                              
[38;2;248;248;242;48;2;68;71;89m► [38;2;97;113;163m○  [0m[1;38;2;126;0;175mbbbb[0m Refactor tab dispatch[0m                                                                     
[38;2;248;248;242m  [38;2;97;113;163m○  [0m[1;38;2;126;0;175mcccc[0m Resolve merge conflict ⚠[0m                                                                  
[38;2;248;248;242m  [38;2;97;113;163m◆  [0m[1;38;2;126;0;175mdddd[0m Initial commit [38;2;80;250;123m[main][0m[0m                                                                     
                                                                                                    
[m]8;;                                                                                                    [m]8;;
[m]8;;            [38;5;63m╭─────────────────────────╮[m                                                             [m]8;;
            [m]8;;[38;5;63m├[0m[38;5;252;48;5;61m Create bookmark [-] [x] [0m[38;5;63m┴[0m[38;5;63m────────────────────────────────────────────────╮[0m[m]8;;            
            [m]8;;[38;5;63m│[0m[38;2;126;0;175m╭────────────────────────────────────────────────────────────────────────╮[0m[38;5;63m│[0m[m]8;;            
            [m]8;;[38;5;63m│[0m[38;2;126;0;175m│[0m Target: [1;38;2;126;0;175mbbbb[0m                                                           [38;2;126;0;175m│[0m[38;5;63m│[0m[m]8;;            
            [m]8;;[38;5;63m│[0m[38;2;126;0;175m│[0m Refactor tab dispatch                                                  [38;2;126;0;175m│[0m[38;5;63m│[0m[m]8;;            
            [m]8;;[38;5;63m│[0m[38;2;126;0;175m╰────────────────────────────────────────────────────────────────────────╯[0m[38;5;63m│[0m[m]8;;            
            [m]8;;[38;5;63m│[0m                                                                          [38;5;63m│[0m[m]8;;            
            [m]8;;[38;5;63m│[0m                         [1mMove Existing Bookmark:[0m                          [38;5;63m│[0m[m]8;;            
            [m]8;;[38;5;63m│[0m                [38;2;97;113;163mClick or use j/k to select, Enter to move[0m                 [38;5;63m│[0m[m]8;;            
[38;2;68;68;68m────────────[m]8;;[38;5;63m│[0m                                                                          [38;5;63m│[0m[m]8;;[38;2;68;68;68m──────────[0m  
Actions:    [m]8;;[38;5;63m│[0m                            [38;2;248;248;242m  feature/goldens[0m                             [38;5;63m│[0m[m]8;;            
[48;2;68;71;89m [0m[38;2;248;248;242;48;2;68;71;89mNew (n)[0m[48;2;68;71;89m [0m [48;2;68;71;89m [0m[38;2;248;248;242;48;2;68;71;89mE[m]8;;[38;5;63m│[0m                                  [38;2;248;248;242m  main[0m                                  [38;5;63m│[0m[m]8;;[38;2;248;248;242;48;2;68;71;89m(a)[0m[48;2;68;71;89m [0m [48;2;68;71;89m [0m[38;2;248;248;242;48;2;68;71;89mBookma
[38;2;68;68;68m────────────[m]8;;[38;5;63m│[0m                                                                          [38;5;63m│[0m[m]8;;[38;2;68;68;68m──────────[0m  
[38;2;102;102;102m  Loading ch[m]8;;[38;5;63m│[0m                    [38;2;97;113;163m─────────────────────────────────[0m                     [38;5;63m│[0m[m]8;;            
            [m]8;;[38;5;63m│[0m                                                                          [38;5;63m│[0m[m]8;;            
            [m]8;;[38;5;63m│[0m                           [1;38;2;126;0;175mCreate New Bookmark:[0m                           [38;5;63m│[0m[m]8;;            
            [m]8;;[38;5;63m│[0m                       [38;2;97;113;163mType a name and press Enter[0m                        [38;5;63m│[0m[m]8;;            
            [m]8;;[38;5;63m│[0m                                                                          [38;5;63m│[0m[m]8;;            
            [m]8;;[38;5;63m│[0m[38;2;126;0;175m  Name:[0m                                                             [48;2;126;0;175m [0m[38;2;255;255;255;48;2;126;0;175m✧ ^g[0m[48;2;126;0;175m [0m[38;5;63m│[0m[m]8;;            
            [m]8;;[38;5;63m│[0m  > [7mb[0m[38;5;240mookmark-name[0m                                                         [38;5;63m│[0m[m]8;;            
            [m]8;;[38;5;63m│[0m                                                                          [38;5;63m│[0m[m]8;;            
            [m]8;;[38;5;63m│[0m                    [48;2;68;71;89m [0m[38;2;248;248;242;48;2;68;71;89mCreate (Enter)[0m[48;2;68;71;89m [0m  [48;2;68;71;89m [0m[38;2;248;248;242;48;2;68;71;89mCancel (Esc)[0m[48;2;68;71;89m [0m                      [38;5;63m│[0m[m]8;;            
            [m]8;;[38;5;63m╰──────────────────────────────────────────────────────────────────────────╯[0m[m]8;;            
                                                                                                    
                                                                                                    
                                                                                                    
                                                                                                    
                                                                                                    
                                                                                                    
                                                                                                    
[48;2;31;40;55m [0m[38;2;97;113;163;48;2;31;40;55mCreate or move bookmark on bbbb                                               ^r refresh │ ^q quit[0m[48;2;31;40;55m [0m