[48;2;31;40;55m [0m[38;2;249;250;251;48;2;31;40;55m[1;38;2;126;0;175m jj-tui  [0m      [48;2;126;0;175m  [0m[38;2;249;250;251;48;2;126;0;175mGraph (g)[0m[48;2;126;0;175m  [0m  [38;2;156;163;175mPRs (p)[0m    [38;2;156;163;175mTickets (t)[0m    [38;2;156;163;175mBranches (b)[0m    [38;2;156;163;175mSettings (,)[0m    [38;2;156;163;175mHelp (h)[0m  [0m 
                                                                                                    
[1m► Graph (Tab to switch):[0m                                                                            
[38;2;248;248;242;48;2;68;71;89m► [38;2;80;250;123m@  [0m[1;38;2;126;0;175maaaa[0m Add golden test safety net [38;2;80;250;123m[feature/goldens][0m[0m                                              
[38;2;248;248;242m  [38;2;97;113;163m○  [0m[1;38;2;126;0;175mbbbb[0m Refactor tab dispatch[0m                                                                     
[38;2;248;248;242m  [38;2;97;113;163m○  [0m[1;38;2;126;0;175mcccc[0m Resolve merge conflict ⚠[0m                                                                  
[38;2;248;248;242m  [38;2;97;113;163m◆  [0m[1;38;2;126;0;175mdddd[0m Initial commit [38;2;80;250;123m[main][0m[0m                                                                     
                                                                                                    
                                                                                                    
                                                                                                    
                                                                                                    
                                                                                                    
                                                                                                    
[m]8;;                                                                                                    [m]8;;
[m]8;;        [38;5;63m╭───────────────╮[m                                                                           [m]8;;
        [m]8;;[38;5;63m├[0m[38;5;252;48;5;61m Error [-] [x] [0m[38;5;63m┴[0m[38;5;63m──────────────────────────────────────────────────────────────────╮[0m[m]8;;        
        [m]8;;[38;5;63m│[0m[38;2;255;85;85m╭────────────────────────────────────────────────────────────────────────────────╮[0m[38;5;63m│[0m[m]8;;        
        [m]8;;[38;5;63m│[0m[38;2;255;85;85m│[0m                                                                                [38;2;255;85;85m│[0m[38;5;63m│[0m[m]8;;        
[38;2;68;68;68m────────[m]8;;[38;5;63m│[0m[38;2;255;85;85m│[0m  [38;2;255;255;255mfailed to push bookmark: remote rejected update[0m                               [38;2;255;85;85m│[0m[38;5;63m│[0m[m]8;;[38;2;68;68;68m──────[0m  
Actions:[m]8;;[38;5;63m│[0m[38;2;255;85;85m│[0m                                                                                [38;2;255;85;85m│[0m[38;5;63m│[0m[m]8;;        
[48;2;68;71;89m [0m[38;2;248;248;242;48;2;68;71;89mNew (n)[0m[48;2;68;71;89m[m]8;;[38;5;63m│[0m[38;2;255;85;85m│[0m  [38;2;139;147;158m─────────────────────────────────────[0m                                         [38;2;255;85;85m│[0m[38;5;63m│[0m[m]8;;[38;2;248;248;242;48;2;68;71;89m)[0m[48;2;68;71;89m [0m [48;2;68;71;89m [0m[38;2;248;248;242;48;2;68;71;89mDel 
[38;2;68;68;68m────────[m]8;;[38;5;63m│[0m[38;2;255;85;85m│[0m                                                                                [38;2;255;85;85m│[0m[38;5;63m│[0m[m]8;;[38;2;68;68;68m──────[0m  
[38;2;102;102;102m  Loadin[m]8;;[38;5;63m│[0m[38;2;255;85;85m│[0m  [48;2;48;54;60m [0m[1;38;2;255;255;255;48;2;48;54;60mDismiss (Esc)[0m[48;2;48;54;60m [0m  [48;2;48;54;60m [0m[1;38;2;255;255;255;48;2;48;54;60mCopy (c)[0m[48;2;48;54;60m [0m  [48;2;201;48;44m [0m[1;38;2;255;255;255;48;2;201;48;44mQuit (^q)[0m[48;2;201;48;44m [0m                                      [38;2;255;85;85m│[0m[38;5;63m│[0m[m]8;;        
        [m]8;;[38;5;63m│[0m[38;2;255;85;85m│[0m                                                                                [38;2;255;85;85m│[0m[38;5;63m│[0m[m]8;;        
        [m]8;;[38;5;63m│[0m[38;2;255;85;85m╰────────────────────────────────────────────────────────────────────────────────╯[0m[38;5;63m│[0m[m]8;;        
        [m]8;;[38;5;63m╰──────────────────────────────────────────────────────────────────────────────────╯[0m[m]8;;        
                                                                                                    
                                                                                                    
                                                                                                    
                                                                                                    
                                                                                                    
                                                                                                    
                                                                                                    
                                                                                                    
                                                                                                    
                                                                                                    
                                                                                                    
                                                                                                    
                                                                                                    
[48;2;31;40;55m [0m[38;2;97;113;163;48;2;31;40;55mReady                                                                         ^r refresh │ ^q quit[0m[48;2;31;40;55m [0m