[48;2;31;40;55m [0m[38;2;249;250;251;48;2;31;40;55m[1;38;2;126;0;175m jj-tui  [0m      [48;2;126;0;175m  [0m[38;2;249;250;251;48;2;126;0;175mGraph (g)[0m[48;2;126;0;175m  [0m  [38;2;156;163;175mPRs (p)[0m    [38;2;156;163;175mTickets (t)[0m    [38;2;156;163;175mBranches (b)[0m    [38;2;156;163;175mSettings (,)[0m    [38;2;156;163;175mHelp (h)[0m  [0m 
                                                                                                    
[1;38;2;255;170;0m🔀 REBASE MODE - Select destination commit (Esc to cancel)[0m                                          
                                                                                                    
[1;38;2;255;255;255;48;2;85;85;170m⚡ [38;2;80;250;123m@  [0m[1;38;2;126;0;175maaaa[0m Add golden test safety net [38;2;80;250;123m[feature/goldens][0m[0m                                             
[1;38;2;255;255;255;48;2;85;85;170m→ [38;2;97;113;163m○  [0m[1;38;2;126;0;175mbbbb[0m Refactor tab dispatch[0m                                                                     
[1;38;2;255;255;255;48;2;85;85;170m  [38;2;97;113;163m○  [0m[1;38;2;126;0;175mcccc[0m Resolve merge conflict ⚠[0m                                                                  
[1;38;2;255;255;255;48;2;85;85;170m  [38;2;97;113;163m◆  [0m[1;38;2;126;0;175mdddd[0m Initial commit [38;2;80;250;123m[main][0m[0m                                                                     
                                                                                                    
[38;2;97;113;163mPress Enter or click to select destination, Esc to cancel[0m                                           
                                                                                                    
                                                                                                    
                                                                                                    
                                                                                                    
                                                                                                    
                                                                                                    
                                                                                                    
                                                                                                    
[38;2;68;68;68m──────────────────────────────────────────────────────────────────────────────────────────────────[0m  
Actions:                                                                                            
[38;2;68;68;68m──────────────────────────────────────────────────────────────────────────────────────────────────[0m  
[38;2;102;102;102m  Loading changed files...[0m                                                                          
                                                                                                    
                                                                                                    
                                                                                                    
                                                                                                    
                                                                                                    
                                                                                                    
                                                                                                    
                                                                                                    
                                                                                                    
                                                                                                    
                                                                                                    
                                                                                                    
                                                                                                    
                                                                                                    
                                                                                                    
                                                                                                    
                                                                                                    
[48;2;31;40;55m [0m[38;2;97;113;163;48;2;31;40;55mReady                                                                         ^r refresh │ ^q quit[0m[48;2;31;40;55m [0m