[48;2;31;40;55m [0m[38;2;249;250;251;48;2;31;40;55m[1;38;2;126;0;175m jj-tui  [0m        [38;2;156;163;175mGraph (g)[0m  [48;2;126;0;175m  [0m[38;2;249;250;251;48;2;126;0;175mPRs (p)[0m[48;2;126;0;175m  [0m  [38;2;156;163;175mTickets (t)[0m    [38;2;156;163;175mBranches (b)[0m    [38;2;156;163;175mSettings (,)[0m    [38;2;156;163;175mHelp (h)[0m  [0m 
                                                                                                    
[38;2;126;0;175m╭───────────────────────────────────────────╮[0m                                                       
[38;2;126;0;175m│[0m [1mSelected:[0m #42: Add golden test safety net [38;2;126;0;175m│[0m                                                       
[38;2;126;0;175m│[0m [38;2;97;113;163m[0m                                          [38;2;126;0;175m│[0m                                                       
[38;2;126;0;175m│[0m Base: ma[m]8;;[38;2;126;0;175m╭────────────────────────────────╮[0m[m]8;;[38;2;126;0;175m│[0m                                                       
[38;2;126;0;175m│[0m [38;2;46;163;79m✓ Checks[m]8;;[38;2;126;0;175m│[0m [1;38;2;80;250;123m#42 Add golden test safety net[0m [38;2;126;0;175m│[0m[m]8;;[38;2;126;0;175m│[0m                                                       
[38;2;126;0;175m│[0m [3;38;2;97;113;163m(No desc[m]8;;[38;2;126;0;175m│[0m [38;2;248;248;242m  Open in Browser[0m[38;2;97;113;163m  o[0m           [38;2;126;0;175m│[0m[m]8;;[38;2;126;0;175m│[0m                                                       
[38;2;126;0;175m╰─────────[m]8;;[38;2;126;0;175m│[0m [38;2;248;248;242m  Merge[0m[38;2;97;113;163m  M[0m                     [38;2;126;0;175m│[0m[m]8;;[38;2;126;0;175m╯[0m                                                       
[38;2;68;68;68m──────────[m]8;;[38;2;126;0;175m│[0m [38;2;248;248;242m  Close[0m[38;2;97;113;163m  X[0m                     [38;2;126;0;175m│[0m[m]8;;[38;2;68;68;68m────────────────────────────────────────────────────[0m    
Actions:  [m]8;;[38;2;126;0;175m╰────────────────────────────────╯[0m[m]8;;                                                        
[48;2;68;71;89m [0m[38;2;248;248;242;48;2;68;71;89mOpen in Browser (o)[0m[48;2;68;71;89m [0m  [48;2;68;71;89m [0m[38;2;248;248;242;48;2;68;71;89mMerge (M)[0m[48;2;68;71;89m [0m  [48;2;68;71;89m [0m[38;2;248;248;242;48;2;68;71;89mClose (X)[0m[48;2;68;71;89m [0m                                                     
[38;2;68;68;68m────────────────────────────────────────────────────────────────────────────────────────────────[0m    
[38;2;248;248;242;48;2;68;71;89m► [38;2;46;163;79m●[0m [38;2;46;163;79m✓[0m[38;2;46;163;79m+[0m #42 Add golden test safety net[0m                                                               
[38;2;248;248;242m  [38;2;105;115;125m●[0m [38;2;219;171;9m○[0m[38;2;219;171;9m*[0m #41 Refactor tab dispatch[0m                                                                    
[38;2;248;248;242m  [38;2;111;65;193m●[0m [38;2;203;36;48m✗[0m[38;2;203;36;48m![0m #40 Old merged work[0m                                                                          
                                                                                                    
                                                                                                    
                                                                                                    
                                                                                                    
                                                                                                    
                                                                                                    
                                                                                                    
                                                                                                    
                                                                                                    
                                                                                                    
                                                                                                    
                                                                                                    
                                                                                                    
                                                                                                    
                                                                                                    
                                                                                                    
                                                                                                    
                                                                                                    
                                                                                                    
                                                                                                    
                                                                                                    
                                                                                                    
                                                                                                    
[48;2;31;40;55m [0m[38;2;97;113;163;48;2;31;40;55mReady                                                                         ^r refresh │ ^q quit[0m[48;2;31;40;55m [0m