[48;2;31;40;55m [0m[38;2;249;250;251;48;2;31;40;55m[1;38;2;126;0;175m jj-tui  [0m      [48;2;126;0;175m  [0m[38;2;249;250;251;48;2;126;0;175mGraph (g)[0m[48;2;126;0;175m  [0m  [38;2;156;163;175mPRs (p)[0m    [38;2;156;163;175mTickets (t)[0m    [38;2;156;163;175mBranches (b)[0m    [38;2;156;163;175mSettings (,)[0m    [38;2;156;163;175mHelp (h)[0m  [0m 
                                                                                                    
[1m► Graph (Tab to switch):[0m                                                                            
[38;2;248;248;242;48;2;68;71;89m► [38;2;80;250;123m@  [0m[1;38;2;126;0;175maaaa[0m Add golden test safety net [38;2;80;250;123m[feature/goldens][0m[0m                                              
[38;2;248;248;242m  [38;2;97;113;163m○  [0m[1;38;2;126;0;175mbbbb[0m Refactor tab dispatch[0m                                                                     
[38;2;248;248;242m  [38;2;97;113;163m○  [0m[1;38;2;126;0;175mcccc[0m Resolve merge conflict ⚠[0m                                                                  
[38;2;248;248;242m  [38;2;97;113;163m◆  [0m[1;38;2;126;0;175mdddd[0m Initial commit [38;2;80;250;123m[main][0m[0m                                                                     
                                                                                                    
                                                                                                    
                                                                                                    
                                                                                                    
                                                                                                    
                                                                                                    
[m]8;;                                                                                                    [m]8;;
[m]8;;      [38;5;63m╭────────────────────╮[m                                                                        [m]8;;
      [m]8;;[38;5;63m├[0m[38;5;252;48;5;61m Workspaces [-] [x] [0m[38;5;63m┴[0m[38;5;63m─────────────────────────────────────────────────────────────────╮[0m[m]8;;      
      [m]8;;[38;5;63m│[0m[38;2;97;113;163m╭────────────────────────────────────────────────────────────────────────────────────╮[0m[38;5;63m│[0m[m]8;;      
      [m]8;;[38;5;63m│[0m[38;2;97;113;163m│[0m [38;2;97;113;163mj/k select · a add · f forget · Esc close[0m                                          [38;2;97;113;163m│[0m[38;5;63m│[0m[m]8;;      
[38;2;68;68;68m──────[m]8;;[38;5;63m│[0m[38;2;97;113;163m│[0m                                                                                    [38;2;97;113;163m│[0m[38;5;63m│[0m[m]8;;[38;2;68;68;68m────[0m  
Action[m]8;;[38;5;63m│[0m[38;2;97;113;163m│[0m ► [1;38;2;80;250;123mdefault (current)[0m  [38;2;139;233;253maaaa1111[0m                                                      [38;2;97;113;163m│[0m[38;5;63m│[0m[m]8;;      
[48;2;68;71;89m [0m[38;2;248;248;242;48;2;68;71;89mNew ([m]8;;[38;5;63m│[0m[38;2;97;113;163m│[0m     [38;2;97;113;163mAdd golden test safety net[0m                                                     [38;2;97;113;163m│[0m[38;5;63m│[0m[m]8;; [48;2;68;71;89m [0m[38;2;248;248;242;48;2;68;71;89mDel 
[38;2;68;68;68m──────[m]8;;[38;5;63m│[0m[38;2;97;113;163m│[0m   [1mfeature-ws[0m  [38;2;139;233;253mbbbb2222[0m                                                             [38;2;97;113;163m│[0m[38;5;63m│[0m[m]8;;[38;2;68;68;68m────[0m  
[38;2;102;102;102m  Load[m]8;;[38;5;63m│[0m[38;2;97;113;163m│[0m     [38;2;97;113;163mRefactor tab dispatch[0m                                                          [38;2;97;113;163m│[0m[38;5;63m│[0m[m]8;;      
      [m]8;;[38;5;63m│[0m[38;2;97;113;163m│[0m                                                                                    [38;2;97;113;163m│[0m[38;5;63m│[0m[m]8;;      
      [m]8;;[38;5;63m│[0m[38;2;97;113;163m╰────────────────────────────────────────────────────────────────────────────────────╯[0m[38;5;63m│[0m[m]8;;      
      [m]8;;[38;5;63m╰──────────────────────────────────────────────────────────────────────────────────────╯[0m[m]8;;      
                                                                                                    
                                                                                                    
                                                                                                    
                                                                                                    
                                                                                                    
                                                                                                    
                                                                                                    
                                                                                                    
                                                                                                    
                                                                                                    
                                                                                                    
                                                                                                    
                                                                                                    
[48;2;31;40;55m [0m[38;2;97;113;163;48;2;31;40;55mWorkspaces                                                                    ^r refresh │ ^q quit[0m[48;2;31;40;55m [0m