[48;2;31;40;55m [0m[38;2;249;250;251;48;2;31;40;55m[1;38;2;126;0;175m jj-tui  [0m        [38;2;156;163;175mGraph (g)[0m    [38;2;156;163;175mPRs (p)[0m    [38;2;156;163;175mTickets (t)[0m  [48;2;126;0;175m  [0m[38;2;249;250;251;48;2;126;0;175mBranches (b)[0m[48;2;126;0;175m  [0m  [38;2;156;163;175mSettings (,)[0m    [38;2;156;163;175mHelp (h)[0m  [0m 
                                                                                                    
[38;2;126;0;175m╭─────────────────────────╮[0m                                                                         
[38;2;126;0;175m│[0m [1;38;2;126;0;175mfeature/goldens[0m [38;2;80;250;123m[local][0m [38;2;126;0;175m│[0m                                                                         
[38;2;126;0;175m│[0m Location: local         [38;2;126;0;175m│[0m                                                                         
[38;2;126;0;175m│[0m Commit: aaaa            [38;2;126;0;175m│[0m                                                                         
[38;2;126;0;175m╰─────────────────────────╯[0m                                                                         
[38;2;68;68;68m────────────────────────────────────────────────────────────────────────────────────────────────[0m    
Actions:                                                                                            
[48;2;68;71;89m [0m[38;2;248;248;242;48;2;68;71;89mPush (P)[0m[48;2;68;71;89m [0m  [48;2;68;71;89m [0m[38;2;248;248;242;48;2;68;71;89mDelete (x)[0m[48;2;68;71;89m [0m  [48;2;68;71;89m [0m[38;2;248;248;242;48;2;68;71;89mTrack by name (t)[0m[48;2;68;71;89m [0m  [48;2;68;71;89m [0m[38;2;248;248;242;48;2;68;71;89mFetch All (F)[0m[48;2;68;71;89m [0m                                      
[38;2;68;68;68m────────────────────────────────────────────────────────────────────────────────────────────────[0m    
[38;2;139;233;253mtrunk ─────────────────────────────● (tip)[0m                                                          
    [38;2;139;233;253m├[0m─[38;2;80;250;123m●[0m [38;2;80;250;123mmain[0m[38;2;97;113;163m (up to date)[0m                                                                           
[38;2;139;233;253m    │[0m                                                                                               
    [38;2;139;233;253m├[0m─[38;2;80;250;123m◆[0m [1;38;2;255;121;198m► feature/goldens[0m ([38;2;80;250;123m+2[0m)                                                                      
[38;2;139;233;253m    │[0m                                                                                               
    [38;2;139;233;253m├[0m─[38;2;80;250;123m●[0m [38;2;80;250;123mhotfix/urgent[0m[38;2;97;113;163m (up to date · diverged vs remote)[0m[38;2;255;85;85m ⚠ diverged[0m                                  
[38;2;139;233;253m    │[0m                                                                                               
[38;2;139;233;253m    │  [0m[38;2;97;113;163m── Remote ──[0m                                                                                 
    [38;2;139;233;253m└[0m─[38;2;139;233;253m◐[0m [38;2;139;233;253mrefactor/tabs[0m[38;2;97;113;163m @origin[0m[38;2;97;113;163m (up to date)[0m                                                          
                                                                                                    
                                                                                                    
                                                                                                    
                                                                                                    
                                                                                                    
                                                                                                    
                                                                                                    
                                                                                                    
                                                                                                    
                                                                                                    
                                                                                                    
                                                                                                    
                                                                                                    
                                                                                                    
                                                                                                    
                                                                                                    
                                                                                                    
                                                                                                    
                                                                                                    
[48;2;31;40;55m [0m[38;2;97;113;163;48;2;31;40;55mReady                                                                         ^r refresh │ ^q quit[0m[48;2;31;40;55m [0m